#
# There is insufficient memory for the Java Runtime Environment to continue.
# Native memory allocation (malloc) failed to allocate 821056 bytes for Chunk::new
# Possible reasons:
#   The system is out of physical RAM or swap space
#   The process is running with CompressedOops enabled, and the Java Heap may be blocking the growth of the native heap
# Possible solutions:
#   Reduce memory load on the system
#   Increase physical memory or swap space
#   Check if swap backing store is full
#   Decrease Java heap size (-Xmx/-Xms)
#   Decrease number of Java threads
#   Decrease Java thread stack sizes (-Xss)
#   Set larger code cache with -XX:ReservedCodeCacheSize=
#   JVM is running with Zero Based Compressed Oops mode in which the Java heap is
#     placed in the first 32GB address space. The Java Heap base address is the
#     maximum limit for the native heap growth. Please use -XX:HeapBaseMinAddress
#     to set the Java Heap base and to place the Java Heap above 32GB virtual address.
# This output file may be truncated or incomplete.
#
#  Out of Memory Error (arena.cpp:189), pid=16996, tid=27712
#
# JRE version: Java(TM) SE Runtime Environment (17.0.5+9) (build 17.0.5+9-LTS-191)
# Java VM: Java HotSpot(TM) 64-Bit Server VM (17.0.5+9-LTS-191, mixed mode, sharing, tiered, compressed oops, compressed class ptrs, g1 gc, windows-amd64)
# No core dump will be written. Minidumps are not enabled by default on client versions of Windows
#

---------------  S U M M A R Y ------------

Command Line: -javaagent:G:\idea2025.1\plugins\java\lib\rt\debugger-agent.jar=file:///C:/Users/txf/AppData/Local/Temp/capture9252970756063258307.props -ea -Didea.test.cyclic.buffer.size=1048576 -javaagent:G:\idea2025.1\lib\idea_rt.jar=53363 -Dkotlinx.coroutines.debug.enable.creation.stack.trace=false -Ddebugger.agent.enable.coroutines=true -Dkotlinx.coroutines.debug.enable.flows.stack.trace=true -Dkotlinx.coroutines.debug.enable.mutable.state.flows.stack.trace=true -Dfile.encoding=UTF-8 com.intellij.rt.junit.JUnitStarter -ideVersion5 -junit5 org.txf.myblogsprinboot.dao.UserMapperTest,selectUserById

Host: 11th Gen Intel(R) Core(TM) i5-11260H @ 2.60GHz, 12 cores, 15G,  Windows 10 , 64 bit Build 19041 (10.0.19041.5915)
Time: Sun Sep 13 11:06:49 2026  Windows 10 , 64 bit Build 19041 (10.0.19041.5915) elapsed time: 0.875225 seconds (0d 0h 0m 0s)

---------------  T H R E A D  ---------------

Current thread (0x000002c551217260):  JavaThread "C2 CompilerThread2" daemon [_thread_in_native, id=27712, stack(0x000000f7e5700000,0x000000f7e5800000)]


Current CompileTask:
C2:    875 1787       4       jdk.internal.loader.URLClassPath::getResource (74 bytes)

Stack: [0x000000f7e5700000,0x000000f7e5800000]
Native frames: (J=compiled Java code, j=interpreted, Vv=VM code, C=native code)
V  [jvm.dll+0x672eea]
V  [jvm.dll+0x7d2a04]
V  [jvm.dll+0x7d41ae]
V  [jvm.dll+0x7d4813]
V  [jvm.dll+0x242c15]
V  [jvm.dll+0xaa57b]
V  [jvm.dll+0xaab0c]
V  [jvm.dll+0x35ff97]
V  [jvm.dll+0x1b9902]
V  [jvm.dll+0x215e19]
V  [jvm.dll+0x2150e1]
V  [jvm.dll+0x1a18ed]
V  [jvm.dll+0x22493a]
V  [jvm.dll+0x222aa5]
V  [jvm.dll+0x7885db]
V  [jvm.dll+0x782b4a]
V  [jvm.dll+0x671d75]
C  [ucrtbase.dll+0x21bb2]
C  [KERNEL32.DLL+0x17374]
C  [ntdll.dll+0x4cc91]


---------------  P R O C E S S  ---------------

Threads class SMR info:
_java_thread_list=0x000002c54fc613d0, length=20, elements={
0x000002c52b95de90, 0x000002c54e376a10, 0x000002c54e3772d0, 0x000002c54e389850,
0x000002c54e38b120, 0x000002c52b946280, 0x000002c52b947f60, 0x000002c54e38f1e0,
0x000002c54e39a7d0, 0x000002c54e3a8cd0, 0x000002c52b948900, 0x000002c54eac2f70,
0x000002c52b9492a0, 0x000002c52b948430, 0x000002c52b949770, 0x000002c54f88c1e0,
0x000002c54f88e860, 0x000002c52b946c20, 0x000002c550efe9f0, 0x000002c551217260
}

Java Threads: ( => current thread )
  0x000002c52b95de90 JavaThread "main" [_thread_in_native, id=16628, stack(0x000000f7e3400000,0x000000f7e3500000)]
  0x000002c54e376a10 JavaThread "Reference Handler" daemon [_thread_blocked, id=21128, stack(0x000000f7e3b00000,0x000000f7e3c00000)]
  0x000002c54e3772d0 JavaThread "Finalizer" daemon [_thread_blocked, id=26860, stack(0x000000f7e3c00000,0x000000f7e3d00000)]
  0x000002c54e389850 JavaThread "Signal Dispatcher" daemon [_thread_blocked, id=29180, stack(0x000000f7e3d00000,0x000000f7e3e00000)]
  0x000002c54e38b120 JavaThread "Attach Listener" daemon [_thread_blocked, id=26664, stack(0x000000f7e3e00000,0x000000f7e3f00000)]
  0x000002c52b946280 JavaThread "Service Thread" daemon [_thread_blocked, id=8204, stack(0x000000f7e3f00000,0x000000f7e4000000)]
  0x000002c52b947f60 JavaThread "Monitor Deflation Thread" daemon [_thread_blocked, id=29148, stack(0x000000f7e4000000,0x000000f7e4100000)]
  0x000002c54e38f1e0 JavaThread "C2 CompilerThread0" daemon [_thread_blocked, id=32272, stack(0x000000f7e4100000,0x000000f7e4200000)]
  0x000002c54e39a7d0 JavaThread "C1 CompilerThread0" daemon [_thread_blocked, id=25560, stack(0x000000f7e4200000,0x000000f7e4300000)]
  0x000002c54e3a8cd0 JavaThread "Sweeper thread" daemon [_thread_blocked, id=25972, stack(0x000000f7e4300000,0x000000f7e4400000)]
  0x000002c52b948900 JavaThread "Common-Cleaner" daemon [_thread_blocked, id=26824, stack(0x000000f7e4400000,0x000000f7e4500000)]
  0x000002c54eac2f70 JavaThread "C2 CompilerThread1" daemon [_thread_in_native, id=2316, stack(0x000000f7e4500000,0x000000f7e4600000)]
  0x000002c52b9492a0 JavaThread "IntelliJ Suspend Helper" daemon [_thread_blocked, id=24180, stack(0x000000f7e4600000,0x000000f7e4700000)]
  0x000002c52b948430 JavaThread "Monitor Ctrl-Break" daemon [_thread_in_native, id=27864, stack(0x000000f7e4700000,0x000000f7e4800000)]
  0x000002c52b949770 JavaThread "Notification Thread" daemon [_thread_blocked, id=21344, stack(0x000000f7e4800000,0x000000f7e4900000)]
  0x000002c54f88c1e0 JavaThread "RMI TCP Accept-0" daemon [_thread_in_native, id=23116, stack(0x000000f7e5200000,0x000000f7e5300000)]
  0x000002c54f88e860 JavaThread "RMI TCP Connection(1)-172.20.138.188" daemon [_thread_in_native, id=10060, stack(0x000000f7e5300000,0x000000f7e5400000)]
  0x000002c52b946c20 JavaThread "RMI Scheduler(0)" daemon [_thread_blocked, id=13820, stack(0x000000f7e5400000,0x000000f7e5500000)]
  0x000002c550efe9f0 JavaThread "JMX server connection timeout 21" daemon [_thread_blocked, id=30144, stack(0x000000f7e5500000,0x000000f7e5600000)]
=>0x000002c551217260 JavaThread "C2 CompilerThread2" daemon [_thread_in_native, id=27712, stack(0x000000f7e5700000,0x000000f7e5800000)]

Other Threads:
  0x000002c54e3708a0 VMThread "VM Thread" [stack: 0x000000f7e3a00000,0x000000f7e3b00000] [id=24416]
  0x000002c52b9f2e30 WatcherThread [stack: 0x000000f7e4900000,0x000000f7e4a00000] [id=18688]
  0x000002c52b9cb9a0 GCTaskThread "GC Thread#0" [stack: 0x000000f7e3500000,0x000000f7e3600000] [id=18948]
  0x000002c5506d0b00 GCTaskThread "GC Thread#1" [stack: 0x000000f7e4a00000,0x000000f7e4b00000] [id=12784]
  0x000002c5509ba810 GCTaskThread "GC Thread#2" [stack: 0x000000f7e4b00000,0x000000f7e4c00000] [id=15272]
  0x000002c550774da0 GCTaskThread "GC Thread#3" [stack: 0x000000f7e4c00000,0x000000f7e4d00000] [id=18156]
  0x000002c550bcd890 GCTaskThread "GC Thread#4" [stack: 0x000000f7e4d00000,0x000000f7e4e00000] [id=29904]
  0x000002c55074c990 GCTaskThread "GC Thread#5" [stack: 0x000000f7e4e00000,0x000000f7e4f00000] [id=31728]
  0x000002c550c46760 GCTaskThread "GC Thread#6" [stack: 0x000000f7e4f00000,0x000000f7e5000000] [id=24436]
  0x000002c550d4e4d0 GCTaskThread "GC Thread#7" [stack: 0x000000f7e5000000,0x000000f7e5100000] [id=27352]
  0x000002c550a7b900 GCTaskThread "GC Thread#8" [stack: 0x000000f7e5100000,0x000000f7e5200000] [id=30128]
  0x000002c55123c550 GCTaskThread "GC Thread#9" [stack: 0x000000f7e5600000,0x000000f7e5700000] [id=31176]
  0x000002c52b9dc2b0 ConcurrentGCThread "G1 Main Marker" [stack: 0x000000f7e3600000,0x000000f7e3700000] [id=30052]
  0x000002c52b9dcad0 ConcurrentGCThread "G1 Conc#0" [stack: 0x000000f7e3700000,0x000000f7e3800000] [id=15016]
  0x000002c54e2abfb0 ConcurrentGCThread "G1 Refine#0" [stack: 0x000000f7e3800000,0x000000f7e3900000] [id=32124]
  0x000002c54e2ac7e0 ConcurrentGCThread "G1 Service" [stack: 0x000000f7e3900000,0x000000f7e3a00000] [id=26032]

Threads with active compile tasks:
C2 CompilerThread1      887 1699       4       jdk.internal.org.objectweb.asm.Frame::execute (2305 bytes)
C2 CompilerThread2      887 1787       4       jdk.internal.loader.URLClassPath::getResource (74 bytes)

VM state: not at safepoint (normal execution)

VM Mutex/Monitor currently owned by a thread: None

Heap address: 0x0000000704400000, size: 4028 MB, Compressed Oops mode: Zero based, Oop shift amount: 3

CDS archive(s) mapped at: [0x0000000800000000-0x0000000800bd0000-0x0000000800bd0000), size 12386304, SharedBaseAddress: 0x0000000800000000, ArchiveRelocationMode: 0.
Compressed class space mapped at: 0x0000000800c00000-0x0000000840c00000, reserved size: 1073741824
Narrow klass base: 0x0000000800000000, Narrow klass shift: 0, Narrow klass range: 0x100000000

GC Precious Log:
 CPUs: 12 total, 12 available
 Memory: 16110M
 Large Page Support: Disabled
 NUMA Support: Disabled
 Compressed Oops: Enabled (Zero based)
 Heap Region Size: 2M
 Heap Min Capacity: 8M
 Heap Initial Capacity: 252M
 Heap Max Capacity: 4028M
 Pre-touch: Disabled
 Parallel Workers: 10
 Concurrent Workers: 3
 Concurrent Refinement Workers: 10
 Periodic GC: Disabled

Heap:
 garbage-first heap   total 258048K, used 20027K [0x0000000704400000, 0x0000000800000000)
  region size 2048K, 9 young (18432K), 1 survivors (2048K)
 Metaspace       used 18323K, committed 18560K, reserved 1073152K
  class space    used 2179K, committed 2304K, reserved 1048576K

Heap Regions: E=young(eden), S=young(survivor), O=old, HS=humongous(starts), HC=humongous(continues), CS=collection set, F=free, OA=open archive, CA=closed archive, TAMS=top-at-mark-start (previous, next)
|   0|0x0000000704400000, 0x0000000704600000, 0x0000000704600000|100%| O|  |TAMS 0x0000000704400000, 0x0000000704400000| Untracked 
|   1|0x0000000704600000, 0x0000000704800000, 0x0000000704800000|100%| O|  |TAMS 0x0000000704600000, 0x0000000704600000| Untracked 
|   2|0x0000000704800000, 0x00000007049c8200, 0x0000000704a00000| 89%| O|  |TAMS 0x0000000704800000, 0x0000000704800000| Untracked 
|   3|0x0000000704a00000, 0x0000000704a00000, 0x0000000704c00000|  0%| F|  |TAMS 0x0000000704a00000, 0x0000000704a00000| Untracked 
|   4|0x0000000704c00000, 0x0000000704c00000, 0x0000000704e00000|  0%| F|  |TAMS 0x0000000704c00000, 0x0000000704c00000| Untracked 
|   5|0x0000000704e00000, 0x0000000704e00000, 0x0000000705000000|  0%| F|  |TAMS 0x0000000704e00000, 0x0000000704e00000| Untracked 
|   6|0x0000000705000000, 0x0000000705000000, 0x0000000705200000|  0%| F|  |TAMS 0x0000000705000000, 0x0000000705000000| Untracked 
|   7|0x0000000705200000, 0x0000000705200000, 0x0000000705400000|  0%| F|  |TAMS 0x0000000705200000, 0x0000000705200000| Untracked 
|   8|0x0000000705400000, 0x0000000705400000, 0x0000000705600000|  0%| F|  |TAMS 0x0000000705400000, 0x0000000705400000| Untracked 
|   9|0x0000000705600000, 0x0000000705600000, 0x0000000705800000|  0%| F|  |TAMS 0x0000000705600000, 0x0000000705600000| Untracked 
|  10|0x0000000705800000, 0x0000000705800000, 0x0000000705a00000|  0%| F|  |TAMS 0x0000000705800000, 0x0000000705800000| Untracked 
|  11|0x0000000705a00000, 0x0000000705a00000, 0x0000000705c00000|  0%| F|  |TAMS 0x0000000705a00000, 0x0000000705a00000| Untracked 
|  12|0x0000000705c00000, 0x0000000705c00000, 0x0000000705e00000|  0%| F|  |TAMS 0x0000000705c00000, 0x0000000705c00000| Untracked 
|  13|0x0000000705e00000, 0x0000000705e00000, 0x0000000706000000|  0%| F|  |TAMS 0x0000000705e00000, 0x0000000705e00000| Untracked 
|  14|0x0000000706000000, 0x0000000706000000, 0x0000000706200000|  0%| F|  |TAMS 0x0000000706000000, 0x0000000706000000| Untracked 
|  15|0x0000000706200000, 0x0000000706200000, 0x0000000706400000|  0%| F|  |TAMS 0x0000000706200000, 0x0000000706200000| Untracked 
|  16|0x0000000706400000, 0x0000000706400000, 0x0000000706600000|  0%| F|  |TAMS 0x0000000706400000, 0x0000000706400000| Untracked 
|  17|0x0000000706600000, 0x0000000706600000, 0x0000000706800000|  0%| F|  |TAMS 0x0000000706600000, 0x0000000706600000| Untracked 
|  18|0x0000000706800000, 0x0000000706800000, 0x0000000706a00000|  0%| F|  |TAMS 0x0000000706800000, 0x0000000706800000| Untracked 
|  19|0x0000000706a00000, 0x0000000706a00000, 0x0000000706c00000|  0%| F|  |TAMS 0x0000000706a00000, 0x0000000706a00000| Untracked 
|  20|0x0000000706c00000, 0x0000000706c00000, 0x0000000706e00000|  0%| F|  |TAMS 0x0000000706c00000, 0x0000000706c00000| Untracked 
|  21|0x0000000706e00000, 0x0000000706e00000, 0x0000000707000000|  0%| F|  |TAMS 0x0000000706e00000, 0x0000000706e00000| Untracked 
|  22|0x0000000707000000, 0x0000000707000000, 0x0000000707200000|  0%| F|  |TAMS 0x0000000707000000, 0x0000000707000000| Untracked 
|  23|0x0000000707200000, 0x0000000707200000, 0x0000000707400000|  0%| F|  |TAMS 0x0000000707200000, 0x0000000707200000| Untracked 
|  24|0x0000000707400000, 0x0000000707400000, 0x0000000707600000|  0%| F|  |TAMS 0x0000000707400000, 0x0000000707400000| Untracked 
|  25|0x0000000707600000, 0x0000000707600000, 0x0000000707800000|  0%| F|  |TAMS 0x0000000707600000, 0x0000000707600000| Untracked 
|  26|0x0000000707800000, 0x0000000707800000, 0x0000000707a00000|  0%| F|  |TAMS 0x0000000707800000, 0x0000000707800000| Untracked 
|  27|0x0000000707a00000, 0x0000000707a00000, 0x0000000707c00000|  0%| F|  |TAMS 0x0000000707a00000, 0x0000000707a00000| Untracked 
|  28|0x0000000707c00000, 0x0000000707c00000, 0x0000000707e00000|  0%| F|  |TAMS 0x0000000707c00000, 0x0000000707c00000| Untracked 
|  29|0x0000000707e00000, 0x0000000707e00000, 0x0000000708000000|  0%| F|  |TAMS 0x0000000707e00000, 0x0000000707e00000| Untracked 
|  30|0x0000000708000000, 0x0000000708000000, 0x0000000708200000|  0%| F|  |TAMS 0x0000000708000000, 0x0000000708000000| Untracked 
|  31|0x0000000708200000, 0x0000000708200000, 0x0000000708400000|  0%| F|  |TAMS 0x0000000708200000, 0x0000000708200000| Untracked 
|  32|0x0000000708400000, 0x0000000708400000, 0x0000000708600000|  0%| F|  |TAMS 0x0000000708400000, 0x0000000708400000| Untracked 
|  33|0x0000000708600000, 0x0000000708600000, 0x0000000708800000|  0%| F|  |TAMS 0x0000000708600000, 0x0000000708600000| Untracked 
|  34|0x0000000708800000, 0x0000000708800000, 0x0000000708a00000|  0%| F|  |TAMS 0x0000000708800000, 0x0000000708800000| Untracked 
|  35|0x0000000708a00000, 0x0000000708a00000, 0x0000000708c00000|  0%| F|  |TAMS 0x0000000708a00000, 0x0000000708a00000| Untracked 
|  36|0x0000000708c00000, 0x0000000708c00000, 0x0000000708e00000|  0%| F|  |TAMS 0x0000000708c00000, 0x0000000708c00000| Untracked 
|  37|0x0000000708e00000, 0x0000000708e00000, 0x0000000709000000|  0%| F|  |TAMS 0x0000000708e00000, 0x0000000708e00000| Untracked 
|  38|0x0000000709000000, 0x0000000709000000, 0x0000000709200000|  0%| F|  |TAMS 0x0000000709000000, 0x0000000709000000| Untracked 
|  39|0x0000000709200000, 0x0000000709200000, 0x0000000709400000|  0%| F|  |TAMS 0x0000000709200000, 0x0000000709200000| Untracked 
|  40|0x0000000709400000, 0x0000000709400000, 0x0000000709600000|  0%| F|  |TAMS 0x0000000709400000, 0x0000000709400000| Untracked 
|  41|0x0000000709600000, 0x0000000709600000, 0x0000000709800000|  0%| F|  |TAMS 0x0000000709600000, 0x0000000709600000| Untracked 
|  42|0x0000000709800000, 0x0000000709800000, 0x0000000709a00000|  0%| F|  |TAMS 0x0000000709800000, 0x0000000709800000| Untracked 
|  43|0x0000000709a00000, 0x0000000709a00000, 0x0000000709c00000|  0%| F|  |TAMS 0x0000000709a00000, 0x0000000709a00000| Untracked 
|  44|0x0000000709c00000, 0x0000000709c00000, 0x0000000709e00000|  0%| F|  |TAMS 0x0000000709c00000, 0x0000000709c00000| Untracked 
|  45|0x0000000709e00000, 0x0000000709e00000, 0x000000070a000000|  0%| F|  |TAMS 0x0000000709e00000, 0x0000000709e00000| Untracked 
|  46|0x000000070a000000, 0x000000070a000000, 0x000000070a200000|  0%| F|  |TAMS 0x000000070a000000, 0x000000070a000000| Untracked 
|  47|0x000000070a200000, 0x000000070a200000, 0x000000070a400000|  0%| F|  |TAMS 0x000000070a200000, 0x000000070a200000| Untracked 
|  48|0x000000070a400000, 0x000000070a400000, 0x000000070a600000|  0%| F|  |TAMS 0x000000070a400000, 0x000000070a400000| Untracked 
|  49|0x000000070a600000, 0x000000070a600000, 0x000000070a800000|  0%| F|  |TAMS 0x000000070a600000, 0x000000070a600000| Untracked 
|  50|0x000000070a800000, 0x000000070a800000, 0x000000070aa00000|  0%| F|  |TAMS 0x000000070a800000, 0x000000070a800000| Untracked 
|  51|0x000000070aa00000, 0x000000070aa00000, 0x000000070ac00000|  0%| F|  |TAMS 0x000000070aa00000, 0x000000070aa00000| Untracked 
|  52|0x000000070ac00000, 0x000000070ac00000, 0x000000070ae00000|  0%| F|  |TAMS 0x000000070ac00000, 0x000000070ac00000| Untracked 
|  53|0x000000070ae00000, 0x000000070ae00000, 0x000000070b000000|  0%| F|  |TAMS 0x000000070ae00000, 0x000000070ae00000| Untracked 
|  54|0x000000070b000000, 0x000000070b000000, 0x000000070b200000|  0%| F|  |TAMS 0x000000070b000000, 0x000000070b000000| Untracked 
|  55|0x000000070b200000, 0x000000070b200000, 0x000000070b400000|  0%| F|  |TAMS 0x000000070b200000, 0x000000070b200000| Untracked 
|  56|0x000000070b400000, 0x000000070b400000, 0x000000070b600000|  0%| F|  |TAMS 0x000000070b400000, 0x000000070b400000| Untracked 
|  57|0x000000070b600000, 0x000000070b600000, 0x000000070b800000|  0%| F|  |TAMS 0x000000070b600000, 0x000000070b600000| Untracked 
|  58|0x000000070b800000, 0x000000070b800000, 0x000000070ba00000|  0%| F|  |TAMS 0x000000070b800000, 0x000000070b800000| Untracked 
|  59|0x000000070ba00000, 0x000000070ba00000, 0x000000070bc00000|  0%| F|  |TAMS 0x000000070ba00000, 0x000000070ba00000| Untracked 
|  60|0x000000070bc00000, 0x000000070bc00000, 0x000000070be00000|  0%| F|  |TAMS 0x000000070bc00000, 0x000000070bc00000| Untracked 
|  61|0x000000070be00000, 0x000000070be00000, 0x000000070c000000|  0%| F|  |TAMS 0x000000070be00000, 0x000000070be00000| Untracked 
|  62|0x000000070c000000, 0x000000070c000000, 0x000000070c200000|  0%| F|  |TAMS 0x000000070c000000, 0x000000070c000000| Untracked 
|  63|0x000000070c200000, 0x000000070c200000, 0x000000070c400000|  0%| F|  |TAMS 0x000000070c200000, 0x000000070c200000| Untracked 
|  64|0x000000070c400000, 0x000000070c400000, 0x000000070c600000|  0%| F|  |TAMS 0x000000070c400000, 0x000000070c400000| Untracked 
|  65|0x000000070c600000, 0x000000070c600000, 0x000000070c800000|  0%| F|  |TAMS 0x000000070c600000, 0x000000070c600000| Untracked 
|  66|0x000000070c800000, 0x000000070c800000, 0x000000070ca00000|  0%| F|  |TAMS 0x000000070c800000, 0x000000070c800000| Untracked 
|  67|0x000000070ca00000, 0x000000070ca00000, 0x000000070cc00000|  0%| F|  |TAMS 0x000000070ca00000, 0x000000070ca00000| Untracked 
|  68|0x000000070cc00000, 0x000000070cc00000, 0x000000070ce00000|  0%| F|  |TAMS 0x000000070cc00000, 0x000000070cc00000| Untracked 
|  69|0x000000070ce00000, 0x000000070ce00000, 0x000000070d000000|  0%| F|  |TAMS 0x000000070ce00000, 0x000000070ce00000| Untracked 
|  70|0x000000070d000000, 0x000000070d000000, 0x000000070d200000|  0%| F|  |TAMS 0x000000070d000000, 0x000000070d000000| Untracked 
|  71|0x000000070d200000, 0x000000070d200000, 0x000000070d400000|  0%| F|  |TAMS 0x000000070d200000, 0x000000070d200000| Untracked 
|  72|0x000000070d400000, 0x000000070d400000, 0x000000070d600000|  0%| F|  |TAMS 0x000000070d400000, 0x000000070d400000| Untracked 
|  73|0x000000070d600000, 0x000000070d600000, 0x000000070d800000|  0%| F|  |TAMS 0x000000070d600000, 0x000000070d600000| Untracked 
|  74|0x000000070d800000, 0x000000070d800000, 0x000000070da00000|  0%| F|  |TAMS 0x000000070d800000, 0x000000070d800000| Untracked 
|  75|0x000000070da00000, 0x000000070da00000, 0x000000070dc00000|  0%| F|  |TAMS 0x000000070da00000, 0x000000070da00000| Untracked 
|  76|0x000000070dc00000, 0x000000070dc00000, 0x000000070de00000|  0%| F|  |TAMS 0x000000070dc00000, 0x000000070dc00000| Untracked 
|  77|0x000000070de00000, 0x000000070de00000, 0x000000070e000000|  0%| F|  |TAMS 0x000000070de00000, 0x000000070de00000| Untracked 
|  78|0x000000070e000000, 0x000000070e000000, 0x000000070e200000|  0%| F|  |TAMS 0x000000070e000000, 0x000000070e000000| Untracked 
|  79|0x000000070e200000, 0x000000070e200000, 0x000000070e400000|  0%| F|  |TAMS 0x000000070e200000, 0x000000070e200000| Untracked 
|  80|0x000000070e400000, 0x000000070e400000, 0x000000070e600000|  0%| F|  |TAMS 0x000000070e400000, 0x000000070e400000| Untracked 
|  81|0x000000070e600000, 0x000000070e600000, 0x000000070e800000|  0%| F|  |TAMS 0x000000070e600000, 0x000000070e600000| Untracked 
|  82|0x000000070e800000, 0x000000070e800000, 0x000000070ea00000|  0%| F|  |TAMS 0x000000070e800000, 0x000000070e800000| Untracked 
|  83|0x000000070ea00000, 0x000000070ea00000, 0x000000070ec00000|  0%| F|  |TAMS 0x000000070ea00000, 0x000000070ea00000| Untracked 
|  84|0x000000070ec00000, 0x000000070ec00000, 0x000000070ee00000|  0%| F|  |TAMS 0x000000070ec00000, 0x000000070ec00000| Untracked 
|  85|0x000000070ee00000, 0x000000070ee00000, 0x000000070f000000|  0%| F|  |TAMS 0x000000070ee00000, 0x000000070ee00000| Untracked 
|  86|0x000000070f000000, 0x000000070f000000, 0x000000070f200000|  0%| F|  |TAMS 0x000000070f000000, 0x000000070f000000| Untracked 
|  87|0x000000070f200000, 0x000000070f200000, 0x000000070f400000|  0%| F|  |TAMS 0x000000070f200000, 0x000000070f200000| Untracked 
|  88|0x000000070f400000, 0x000000070f400000, 0x000000070f600000|  0%| F|  |TAMS 0x000000070f400000, 0x000000070f400000| Untracked 
|  89|0x000000070f600000, 0x000000070f600000, 0x000000070f800000|  0%| F|  |TAMS 0x000000070f600000, 0x000000070f600000| Untracked 
|  90|0x000000070f800000, 0x000000070f800000, 0x000000070fa00000|  0%| F|  |TAMS 0x000000070f800000, 0x000000070f800000| Untracked 
|  91|0x000000070fa00000, 0x000000070fa00000, 0x000000070fc00000|  0%| F|  |TAMS 0x000000070fa00000, 0x000000070fa00000| Untracked 
|  92|0x000000070fc00000, 0x000000070fc00000, 0x000000070fe00000|  0%| F|  |TAMS 0x000000070fc00000, 0x000000070fc00000| Untracked 
|  93|0x000000070fe00000, 0x000000070fe00000, 0x0000000710000000|  0%| F|  |TAMS 0x000000070fe00000, 0x000000070fe00000| Untracked 
|  94|0x0000000710000000, 0x0000000710000000, 0x0000000710200000|  0%| F|  |TAMS 0x0000000710000000, 0x0000000710000000| Untracked 
|  95|0x0000000710200000, 0x0000000710200000, 0x0000000710400000|  0%| F|  |TAMS 0x0000000710200000, 0x0000000710200000| Untracked 
|  96|0x0000000710400000, 0x0000000710400000, 0x0000000710600000|  0%| F|  |TAMS 0x0000000710400000, 0x0000000710400000| Untracked 
|  97|0x0000000710600000, 0x0000000710600000, 0x0000000710800000|  0%| F|  |TAMS 0x0000000710600000, 0x0000000710600000| Untracked 
|  98|0x0000000710800000, 0x0000000710800000, 0x0000000710a00000|  0%| F|  |TAMS 0x0000000710800000, 0x0000000710800000| Untracked 
|  99|0x0000000710a00000, 0x0000000710a00000, 0x0000000710c00000|  0%| F|  |TAMS 0x0000000710a00000, 0x0000000710a00000| Untracked 
| 100|0x0000000710c00000, 0x0000000710c00000, 0x0000000710e00000|  0%| F|  |TAMS 0x0000000710c00000, 0x0000000710c00000| Untracked 
| 101|0x0000000710e00000, 0x0000000710e00000, 0x0000000711000000|  0%| F|  |TAMS 0x0000000710e00000, 0x0000000710e00000| Untracked 
| 102|0x0000000711000000, 0x0000000711000000, 0x0000000711200000|  0%| F|  |TAMS 0x0000000711000000, 0x0000000711000000| Untracked 
| 103|0x0000000711200000, 0x0000000711200000, 0x0000000711400000|  0%| F|  |TAMS 0x0000000711200000, 0x0000000711200000| Untracked 
| 104|0x0000000711400000, 0x0000000711400000, 0x0000000711600000|  0%| F|  |TAMS 0x0000000711400000, 0x0000000711400000| Untracked 
| 105|0x0000000711600000, 0x0000000711600000, 0x0000000711800000|  0%| F|  |TAMS 0x0000000711600000, 0x0000000711600000| Untracked 
| 106|0x0000000711800000, 0x0000000711800000, 0x0000000711a00000|  0%| F|  |TAMS 0x0000000711800000, 0x0000000711800000| Untracked 
| 107|0x0000000711a00000, 0x0000000711a00000, 0x0000000711c00000|  0%| F|  |TAMS 0x0000000711a00000, 0x0000000711a00000| Untracked 
| 108|0x0000000711c00000, 0x0000000711c00000, 0x0000000711e00000|  0%| F|  |TAMS 0x0000000711c00000, 0x0000000711c00000| Untracked 
| 109|0x0000000711e00000, 0x0000000711e00000, 0x0000000712000000|  0%| F|  |TAMS 0x0000000711e00000, 0x0000000711e00000| Untracked 
| 110|0x0000000712000000, 0x0000000712000000, 0x0000000712200000|  0%| F|  |TAMS 0x0000000712000000, 0x0000000712000000| Untracked 
| 111|0x0000000712200000, 0x0000000712200000, 0x0000000712400000|  0%| F|  |TAMS 0x0000000712200000, 0x0000000712200000| Untracked 
| 112|0x0000000712400000, 0x00000007125c6d40, 0x0000000712600000| 88%| S|CS|TAMS 0x0000000712400000, 0x0000000712400000| Complete 
| 113|0x0000000712600000, 0x0000000712600000, 0x0000000712800000|  0%| F|  |TAMS 0x0000000712600000, 0x0000000712600000| Untracked 
| 114|0x0000000712800000, 0x0000000712800000, 0x0000000712a00000|  0%| F|  |TAMS 0x0000000712800000, 0x0000000712800000| Untracked 
| 115|0x0000000712a00000, 0x0000000712a00000, 0x0000000712c00000|  0%| F|  |TAMS 0x0000000712a00000, 0x0000000712a00000| Untracked 
| 116|0x0000000712c00000, 0x0000000712c00000, 0x0000000712e00000|  0%| F|  |TAMS 0x0000000712c00000, 0x0000000712c00000| Untracked 
| 117|0x0000000712e00000, 0x0000000712e00000, 0x0000000713000000|  0%| F|  |TAMS 0x0000000712e00000, 0x0000000712e00000| Untracked 
| 118|0x0000000713000000, 0x00000007131fc108, 0x0000000713200000| 99%| E|  |TAMS 0x0000000713000000, 0x0000000713000000| Complete 
| 119|0x0000000713200000, 0x0000000713400000, 0x0000000713400000|100%| E|CS|TAMS 0x0000000713200000, 0x0000000713200000| Complete 
| 120|0x0000000713400000, 0x0000000713600000, 0x0000000713600000|100%| E|CS|TAMS 0x0000000713400000, 0x0000000713400000| Complete 
| 121|0x0000000713600000, 0x0000000713800000, 0x0000000713800000|100%| E|CS|TAMS 0x0000000713600000, 0x0000000713600000| Complete 
| 122|0x0000000713800000, 0x0000000713a00000, 0x0000000713a00000|100%| E|CS|TAMS 0x0000000713800000, 0x0000000713800000| Complete 
| 123|0x0000000713a00000, 0x0000000713c00000, 0x0000000713c00000|100%| E|CS|TAMS 0x0000000713a00000, 0x0000000713a00000| Complete 
| 124|0x0000000713c00000, 0x0000000713e00000, 0x0000000713e00000|100%| E|CS|TAMS 0x0000000713c00000, 0x0000000713c00000| Complete 
| 125|0x0000000713e00000, 0x0000000714000000, 0x0000000714000000|100%| E|  |TAMS 0x0000000713e00000, 0x0000000713e00000| Complete 

Card table byte_map: [0x000002c542ef0000,0x000002c5436d0000] _byte_map_base: 0x000002c53f6ce000

Marking Bits (Prev, Next): (CMBitMap*) 0x000002c52b9cbdc0, (CMBitMap*) 0x000002c52b9cbe00
 Prev Bits: [0x000002c543eb0000, 0x000002c547da0000)
 Next Bits: [0x000002c547da0000, 0x000002c54bc90000)

Polling page: 0x000002c5297f0000

Metaspace:

Usage:
  Non-class:     15.79 MB used.
      Class:      2.13 MB used.
       Both:     17.92 MB used.

Virtual space:
  Non-class space:       24.00 MB reserved,      15.88 MB ( 66%) committed,  3 nodes.
      Class space:        1.00 GB reserved,       2.25 MB ( <1%) committed,  1 nodes.
             Both:        1.02 GB reserved,      18.12 MB (  2%) committed. 

Chunk freelists:
   Non-Class:  3.94 MB
       Class:  1.70 MB
        Both:  5.64 MB

MaxMetaspaceSize: unlimited
CompressedClassSpaceSize: 1.00 GB
Initial GC threshold: 21.00 MB
Current GC threshold: 21.00 MB
CDS: on
MetaspaceReclaimPolicy: balanced
 - commit_granule_bytes: 65536.
 - commit_granule_words: 8192.
 - virtual_space_node_default_size: 1048576.
 - enlarge_chunks_in_place: 1.
 - new_chunks_are_fully_committed: 0.
 - uncommit_free_chunks: 1.
 - use_allocation_guard: 0.
 - handle_deallocations: 1.


Internal statistics:

num_allocs_failed_limit: 0.
num_arena_births: 254.
num_arena_deaths: 0.
num_vsnodes_births: 4.
num_vsnodes_deaths: 0.
num_space_committed: 290.
num_space_uncommitted: 0.
num_chunks_returned_to_freelist: 0.
num_chunks_taken_from_freelist: 653.
num_chunk_merges: 0.
num_chunk_splits: 381.
num_chunks_enlarged: 245.
num_purges: 0.
num_inconsistent_stats: 0.

CodeHeap 'non-profiled nmethods': size=120000Kb used=754Kb max_used=754Kb free=119245Kb
 bounds [0x000002c53ac90000, 0x000002c53af00000, 0x000002c5421c0000]
CodeHeap 'profiled nmethods': size=120000Kb used=3698Kb max_used=3698Kb free=116301Kb
 bounds [0x000002c533760000, 0x000002c533b00000, 0x000002c53ac90000]
CodeHeap 'non-nmethods': size=5760Kb used=1214Kb max_used=1267Kb free=4545Kb
 bounds [0x000002c5331c0000, 0x000002c533430000, 0x000002c533760000]
 total_blobs=2406 nmethods=1905 adapters=413
 compilation: enabled
              stopped_count=0, restarted_count=0
 full_count=0

Compilation events (20 events):
Event: 0.870 Thread 0x000002c54e39a7d0 1877       3       java.lang.invoke.InnerClassLambdaMetafactory::generateConstructor (154 bytes)
Event: 0.870 Thread 0x000002c54e39a7d0 nmethod 1877 0x000002c533aedb10 code [0x000002c533aedde0, 0x000002c533aeedc8]
Event: 0.870 Thread 0x000002c54e39a7d0 1878       3       java.lang.invoke.InnerClassLambdaMetafactory$ForwardingMethodGenerator::<init> (11 bytes)
Event: 0.871 Thread 0x000002c54e39a7d0 nmethod 1878 0x000002c533aef310 code [0x000002c533aef4c0, 0x000002c533aef6c8]
Event: 0.871 Thread 0x000002c54e39a7d0 1881       3       java.lang.invoke.InnerClassLambdaMetafactory$ForwardingMethodGenerator::invocationOpcode (104 bytes)
Event: 0.871 Thread 0x000002c54e39a7d0 nmethod 1881 0x000002c533aef790 code [0x000002c533aef9e0, 0x000002c533af0218]
Event: 0.871 Thread 0x000002c54e39a7d0 1882       3       java.lang.invoke.InnerClassLambdaMetafactory::getReturnOpcode (20 bytes)
Event: 0.871 Thread 0x000002c54e39a7d0 nmethod 1882 0x000002c533af0510 code [0x000002c533af06c0, 0x000002c533af0848]
Event: 0.871 Thread 0x000002c54e39a7d0 1883       3       jdk.internal.org.objectweb.asm.ClassWriter::visitEnd (1 bytes)
Event: 0.871 Thread 0x000002c54e39a7d0 nmethod 1883 0x000002c533af0910 code [0x000002c533af0aa0, 0x000002c533af0bb8]
Event: 0.871 Thread 0x000002c54e39a7d0 1884       3       java.lang.invoke.MethodHandles$Lookup::defineHiddenClass (69 bytes)
Event: 0.872 Thread 0x000002c54e39a7d0 nmethod 1884 0x000002c533af0c90 code [0x000002c533af0f80, 0x000002c533af1d58]
Event: 0.872 Thread 0x000002c54e39a7d0 1885       3       jdk.internal.org.objectweb.asm.ClassReader::<init> (9 bytes)
Event: 0.872 Thread 0x000002c54e39a7d0 nmethod 1885 0x000002c533af2290 code [0x000002c533af2440, 0x000002c533af25e8]
Event: 0.872 Thread 0x000002c54e39a7d0 1886       3       jdk.internal.org.objectweb.asm.ClassReader::<init> (8 bytes)
Event: 0.872 Thread 0x000002c54e39a7d0 nmethod 1886 0x000002c533af2710 code [0x000002c533af28a0, 0x000002c533af29e8]
Event: 0.873 Thread 0x000002c54e39a7d0 1887       3       java.util.concurrent.CopyOnWriteArrayList::size (6 bytes)
Event: 0.873 Thread 0x000002c54e39a7d0 nmethod 1887 0x000002c533af2a90 code [0x000002c533af2c20, 0x000002c533af2d58]
Event: 0.874 Thread 0x000002c54e39a7d0 1888       3       java.lang.invoke.MethodHandles$Lookup::getDirectMethodNoSecurityManager (18 bytes)
Event: 0.874 Thread 0x000002c54e39a7d0 nmethod 1888 0x000002c533af2e10 code [0x000002c533af2fa0, 0x000002c533af30e8]

GC Heap History (4 events):
Event: 0.333 GC heap before
{Heap before GC invocations=0 (full 0):
 garbage-first heap   total 258048K, used 22528K [0x0000000704400000, 0x0000000800000000)
  region size 2048K, 11 young (22528K), 0 survivors (0K)
 Metaspace       used 9514K, committed 9664K, reserved 1064960K
  class space    used 1003K, committed 1088K, reserved 1048576K
}
Event: 0.337 GC heap after
{Heap after GC invocations=1 (full 0):
 garbage-first heap   total 258048K, used 5870K [0x0000000704400000, 0x0000000800000000)
  region size 2048K, 2 young (4096K), 2 survivors (4096K)
 Metaspace       used 9514K, committed 9664K, reserved 1064960K
  class space    used 1003K, committed 1088K, reserved 1048576K
}
Event: 0.654 GC heap before
{Heap before GC invocations=1 (full 0):
 garbage-first heap   total 258048K, used 28398K [0x0000000704400000, 0x0000000800000000)
  region size 2048K, 13 young (26624K), 2 survivors (4096K)
 Metaspace       used 15534K, committed 15744K, reserved 1064960K
  class space    used 1796K, committed 1920K, reserved 1048576K
}
Event: 0.657 GC heap after
{Heap after GC invocations=2 (full 0):
 garbage-first heap   total 258048K, used 7739K [0x0000000704400000, 0x0000000800000000)
  region size 2048K, 1 young (2048K), 1 survivors (2048K)
 Metaspace       used 15534K, committed 15744K, reserved 1064960K
  class space    used 1796K, committed 1920K, reserved 1048576K
}

Deoptimization events (20 events):
Event: 0.664 Thread 0x000002c52b95de90 Uncommon trap: trap_request=0xffffff45 fr.pc=0x000002c53ace7cf4 relative=0x0000000000000f14
Event: 0.664 Thread 0x000002c52b95de90 Uncommon trap: reason=unstable_if action=reinterpret pc=0x000002c53ace7cf4 method=java.util.zip.ZipCoder.hash(Ljava/lang/String;)I @ 23 c2
Event: 0.664 Thread 0x000002c52b95de90 DEOPT PACKING pc=0x000002c53ace7cf4 sp=0x000000f7e34fc770
Event: 0.664 Thread 0x000002c52b95de90 DEOPT UNPACKING pc=0x000002c533215ba3 sp=0x000000f7e34fc630 mode 2
Event: 0.664 Thread 0x000002c52b95de90 Uncommon trap: trap_request=0xffffff45 fr.pc=0x000002c53ace0d00 relative=0x0000000000000620
Event: 0.664 Thread 0x000002c52b95de90 Uncommon trap: reason=unstable_if action=reinterpret pc=0x000002c53ace0d00 method=java.util.zip.ZipCoder.hash(Ljava/lang/String;)I @ 23 c2
Event: 0.664 Thread 0x000002c52b95de90 DEOPT PACKING pc=0x000002c53ace0d00 sp=0x000000f7e34fc700
Event: 0.664 Thread 0x000002c52b95de90 DEOPT UNPACKING pc=0x000002c533215ba3 sp=0x000000f7e34fc630 mode 2
Event: 0.664 Thread 0x000002c52b95de90 Uncommon trap: trap_request=0xffffff45 fr.pc=0x000002c53acdc05c relative=0x000000000000023c
Event: 0.664 Thread 0x000002c52b95de90 Uncommon trap: reason=unstable_if action=reinterpret pc=0x000002c53acdc05c method=java.util.zip.ZipCoder.hash(Ljava/lang/String;)I @ 23 c2
Event: 0.664 Thread 0x000002c52b95de90 DEOPT PACKING pc=0x000002c53acdc05c sp=0x000000f7e34fc690
Event: 0.664 Thread 0x000002c52b95de90 DEOPT UNPACKING pc=0x000002c533215ba3 sp=0x000000f7e34fc628 mode 2
Event: 0.665 Thread 0x000002c52b95de90 Uncommon trap: trap_request=0xffffff45 fr.pc=0x000002c53acad5c0 relative=0x0000000000000040
Event: 0.665 Thread 0x000002c52b95de90 Uncommon trap: reason=unstable_if action=reinterpret pc=0x000002c53acad5c0 method=sun.nio.fs.WindowsPathParser.isSlash(C)Z @ 9 c2
Event: 0.665 Thread 0x000002c52b95de90 DEOPT PACKING pc=0x000002c53acad5c0 sp=0x000000f7e34fc7c0
Event: 0.665 Thread 0x000002c52b95de90 DEOPT UNPACKING pc=0x000002c533215ba3 sp=0x000000f7e34fc748 mode 2
Event: 0.695 Thread 0x000002c52b95de90 Uncommon trap: trap_request=0xffffff45 fr.pc=0x000002c53ad20a14 relative=0x0000000000000bb4
Event: 0.695 Thread 0x000002c52b95de90 Uncommon trap: reason=unstable_if action=reinterpret pc=0x000002c53ad20a14 method=jdk.internal.org.objectweb.asm.SymbolTable.put(Ljdk/internal/org/objectweb/asm/SymbolTable$Entry;)Ljdk/internal/org/objectweb/asm/SymbolTable$Entry; @ 13 c2
Event: 0.695 Thread 0x000002c52b95de90 DEOPT PACKING pc=0x000002c53ad20a14 sp=0x000000f7e34fb720
Event: 0.695 Thread 0x000002c52b95de90 DEOPT UNPACKING pc=0x000002c533215ba3 sp=0x000000f7e34fb660 mode 2

Classes unloaded (0 events):
No events

Classes redefined (1 events):
Event: 0.114 Thread 0x000002c54e3708a0 redefined class name=java.lang.Throwable, count=1

Internal exceptions (20 events):
Event: 0.413 Thread 0x000002c52b95de90 Exception <a 'java/lang/NoSuchMethodError'{0x000000071387f260}: 'int java.lang.invoke.DirectMethodHandle$Holder.invokeStatic(java.lang.Object, java.lang.Object, java.lang.Object, java.lang.Object, java.lang.Object)'> (0x000000071387f260) 
thrown [s\open\src\hotspot\share\interpreter\linkResolver.cpp, line 759]
Event: 0.417 Thread 0x000002c54f88e860 Exception <a 'java/lang/ClassNotFoundException'{0x00000007139218f0}: javax/management/remote/rmi/RMIConnectionImpl_Skel> (0x00000007139218f0) 
thrown [s\open\src\hotspot\share\classfile\systemDictionary.cpp, line 256]
Event: 0.417 Thread 0x000002c550efe9f0 Exception <a 'java/lang/NoSuchMethodError'{0x000000071390fcd0}: 'java.lang.Object java.lang.invoke.Invokers$Holder.linkToTargetMethod(java.lang.Object, long, java.lang.Object)'> (0x000000071390fcd0) 
thrown [s\open\src\hotspot\share\interpreter\linkResolver.cpp, line 759]
Event: 0.423 Thread 0x000002c52b95de90 Exception <a 'java/lang/NoSuchMethodError'{0x00000007139836a8}: 'void java.lang.invoke.DirectMethodHandle$Holder.invokeStaticInit(java.lang.Object)'> (0x00000007139836a8) 
thrown [s\open\src\hotspot\share\interpreter\linkResolver.cpp, line 759]
Event: 0.446 Thread 0x000002c52b95de90 Exception <a 'java/lang/NoSuchMethodError'{0x00000007136c5f20}: 'int java.lang.invoke.DirectMethodHandle$Holder.invokeStaticInit(java.lang.Object, java.lang.Object)'> (0x00000007136c5f20) 
thrown [s\open\src\hotspot\share\interpreter\linkResolver.cpp, line 759]
Event: 0.512 Thread 0x000002c52b95de90 Exception <a 'java/lang/ClassNotFoundException'{0x000000071324eaf0}: javax/smartcardio/CardPermission> (0x000000071324eaf0) 
thrown [s\open\src\hotspot\share\classfile\systemDictionary.cpp, line 256]
Event: 0.514 Thread 0x000002c52b95de90 Exception <a 'java/io/FileNotFoundException'{0x000000071325f488}> (0x000000071325f488) 
thrown [s\open\src\hotspot\share\prims\jni.cpp, line 516]
Event: 0.532 Thread 0x000002c52b95de90 Implicit null exception at 0x000002c53ad00d61 to 0x000002c53ad02120
Event: 0.532 Thread 0x000002c52b95de90 Implicit null exception at 0x000002c53acf8f0f to 0x000002c53acf8f89
Event: 0.584 Thread 0x000002c52b95de90 Exception <a 'java/lang/NoSuchMethodError'{0x0000000712ee9b20}: 'int java.lang.invoke.DirectMethodHandle$Holder.invokeStaticInit(java.lang.Object, java.lang.Object, java.lang.Object)'> (0x0000000712ee9b20) 
thrown [s\open\src\hotspot\share\interpreter\linkResolver.cpp, line 759]
Event: 0.610 Thread 0x000002c52b95de90 Exception <a 'java/lang/NoSuchMethodError'{0x0000000712d00e20}: 'void java.lang.invoke.DirectMethodHandle$Holder.invokeStaticInit(java.lang.Object, java.lang.Object)'> (0x0000000712d00e20) 
thrown [s\open\src\hotspot\share\interpreter\linkResolver.cpp, line 759]
Event: 0.662 Thread 0x000002c52b95de90 Exception <a 'java/lang/NoSuchMethodError'{0x0000000713e51bf0}: 'int java.lang.invoke.DirectMethodHandle$Holder.invokeSpecial(java.lang.Object, java.lang.Object, java.lang.Object, java.lang.Object)'> (0x0000000713e51bf0) 
thrown [s\open\src\hotspot\share\interpreter\linkResolver.cpp, line 759]
Event: 0.665 Thread 0x000002c52b95de90 Exception <a 'java/lang/NoSuchMethodError'{0x0000000713e64ac8}: 'int java.lang.invoke.DirectMethodHandle$Holder.invokeSpecial(java.lang.Object, java.lang.Object, java.lang.Object, java.lang.Object, java.lang.Object)'> (0x0000000713e64ac8) 
thrown [s\open\src\hotspot\share\interpreter\linkResolver.cpp, line 759]
Event: 0.667 Thread 0x000002c52b95de90 Exception <a 'java/lang/NoSuchMethodError'{0x0000000713e71a98}: 'void java.lang.invoke.DirectMethodHandle$Holder.invokeVirtual(java.lang.Object, java.lang.Object)'> (0x0000000713e71a98) 
thrown [s\open\src\hotspot\share\interpreter\linkResolver.cpp, line 759]
Event: 0.718 Thread 0x000002c52b95de90 Exception <a 'java/lang/NoSuchMethodError'{0x0000000713ad98d8}: 'void java.lang.invoke.DirectMethodHandle$Holder.invokeVirtual(java.lang.Object, java.lang.Object, java.lang.Object, java.lang.Object)'> (0x0000000713ad98d8) 
thrown [s\open\src\hotspot\share\interpreter\linkResolver.cpp, line 759]
Event: 0.818 Thread 0x000002c52b95de90 Exception <a 'java/lang/NoSuchMethodError'{0x0000000713569838}: 'int java.lang.invoke.DirectMethodHandle$Holder.invokeVirtual(java.lang.Object, java.lang.Object, java.lang.Object)'> (0x0000000713569838) 
thrown [s\open\src\hotspot\share\interpreter\linkResolver.cpp, line 759]
Event: 0.831 Thread 0x000002c52b95de90 Exception <a 'java/lang/NoSuchMethodError'{0x000000071359f368}: 'java.lang.Object java.lang.invoke.DirectMethodHandle$Holder.newInvokeSpecial(java.lang.Object, java.lang.Object, java.lang.Object, java.lang.Object, java.lang.Object, java.lang.Object, java.lang.Object)'> (0x000000071359f368) 
thrown [s\open\src\hotspot\share\interpreter\linkResolver.cpp, line 759]
Event: 0.832 Thread 0x000002c52b95de90 Exception <a 'java/lang/NoSuchMethodError'{0x00000007135a3f40}: 'java.lang.Object java.lang.invoke.Invokers$Holder.linkToTargetMethod(java.lang.Object, java.lang.Object, java.lang.Object, java.lang.Object, java.lang.Object, java.lang.Object, java.lang.Object)'> (0x00000007135a3f40) 
thrown [s\open\src\hotspot\share\interpreter\linkResolver.cpp, line 759]
Event: 0.834 Thread 0x000002c52b95de90 Exception <a 'java/lang/NoSuchMethodError'{0x00000007135b5ab0}: 'java.lang.Object java.lang.invoke.DirectMethodHandle$Holder.invokeInterface(java.lang.Object, java.lang.Object, java.lang.Object, java.lang.Object, java.lang.Object)'> (0x00000007135b5ab0) 
thrown [s\open\src\hotspot\share\interpreter\linkResolver.cpp, line 759]
Event: 0.834 Thread 0x000002c52b95de90 Exception <a 'java/lang/IncompatibleClassChangeError'{0x00000007135b98c8}: Found class java.lang.Object, but interface was expected> (0x00000007135b98c8) 
thrown [s\open\src\hotspot\share\interpreter\linkResolver.cpp, line 826]

VM Operations (20 events):
Event: 0.286 Executing VM operation: HandshakeAllThreads
Event: 0.286 Executing VM operation: HandshakeAllThreads done
Event: 0.333 Executing VM operation: G1CollectForAllocation
Event: 0.337 Executing VM operation: G1CollectForAllocation done
Event: 0.416 Executing VM operation: HandshakeAllThreads
Event: 0.416 Executing VM operation: HandshakeAllThreads done
Event: 0.489 Executing VM operation: HandshakeAllThreads
Event: 0.489 Executing VM operation: HandshakeAllThreads done
Event: 0.553 Executing VM operation: HandshakeAllThreads
Event: 0.553 Executing VM operation: HandshakeAllThreads done
Event: 0.554 Executing VM operation: HandshakeAllThreads
Event: 0.554 Executing VM operation: HandshakeAllThreads done
Event: 0.607 Executing VM operation: ICBufferFull
Event: 0.607 Executing VM operation: ICBufferFull done
Event: 0.647 Executing VM operation: HandshakeAllThreads
Event: 0.647 Executing VM operation: HandshakeAllThreads done
Event: 0.654 Executing VM operation: G1CollectForAllocation
Event: 0.657 Executing VM operation: G1CollectForAllocation done
Event: 0.839 Executing VM operation: HandshakeAllThreads
Event: 0.839 Executing VM operation: HandshakeAllThreads done

Events (20 events):
Event: 0.872 loading class jakarta/servlet/SessionTrackingMode
Event: 0.872 loading class jakarta/servlet/SessionTrackingMode done
Event: 0.872 loading class org/springframework/core/io/FileSystemResourceLoader
Event: 0.872 loading class org/springframework/core/io/FileSystemResourceLoader done
Event: 0.873 loading class org/springframework/mock/web/MockSessionCookieConfig
Event: 0.873 loading class org/springframework/mock/web/MockSessionCookieConfig done
Event: 0.873 loading class org/springframework/mock/web/MockRequestDispatcher
Event: 0.873 loading class org/springframework/mock/web/MockRequestDispatcher done
Event: 0.873 loading class org/springframework/boot/test/context/SpringBootContextLoader$WebConfigurer$DefensiveWebApplicationContextInitializer
Event: 0.873 loading class org/springframework/boot/test/context/SpringBootContextLoader$WebConfigurer$DefensiveWebApplicationContextInitializer done
Event: 0.873 loading class org/springframework/boot/web/servlet/support/ServletContextApplicationContextInitializer
Event: 0.873 loading class org/springframework/boot/web/servlet/support/ServletContextApplicationContextInitializer done
Event: 0.874 loading class org/springframework/boot/test/context/SpringBootContextLoader
Event: 0.874 loading class org/springframework/boot/test/context/SpringBootContextLoader done
Event: 0.874 loading class org/springframework/boot/WebApplicationType
Event: 0.874 loading class org/springframework/boot/WebApplicationType done
Event: 0.874 loading class org/springframework/test/context/MergedContextConfiguration
Event: 0.874 loading class org/springframework/test/context/MergedContextConfiguration done
Event: 0.874 loading class org/springframework/boot/test/context/SpringBootContextLoader$PrepareEnvironmentListener
Event: 0.874 loading class org/springframework/boot/test/context/SpringBootContextLoader$PrepareEnvironmentListener done


Dynamic libraries:
0x00007ff62e830000 - 0x00007ff62e840000 	E:\dev\jdk17\bin\java.exe
0x00007ffe75af0000 - 0x00007ffe75ce8000 	C:\Windows\SYSTEM32\ntdll.dll
0x00007ffe74120000 - 0x00007ffe741e2000 	C:\Windows\System32\KERNEL32.DLL
0x00007ffe735d0000 - 0x00007ffe738c6000 	C:\Windows\System32\KERNELBASE.dll
0x00007ffe73290000 - 0x00007ffe73390000 	C:\Windows\System32\ucrtbase.dll
0x00007ffe41750000 - 0x00007ffe4176a000 	E:\dev\jdk17\bin\VCRUNTIME140.dll
0x00007ffe46f70000 - 0x00007ffe46f88000 	E:\dev\jdk17\bin\jli.dll
0x00007ffe757c0000 - 0x00007ffe75871000 	C:\Windows\System32\ADVAPI32.dll
0x00007ffe741f0000 - 0x00007ffe7428e000 	C:\Windows\System32\msvcrt.dll
0x00007ffe73fc0000 - 0x00007ffe7405f000 	C:\Windows\System32\sechost.dll
0x00007ffe75110000 - 0x00007ffe75230000 	C:\Windows\System32\RPCRT4.dll
0x00007ffe73180000 - 0x00007ffe731a7000 	C:\Windows\System32\bcrypt.dll
0x00007ffe74320000 - 0x00007ffe744c1000 	C:\Windows\System32\USER32.dll
0x00007ffe731b0000 - 0x00007ffe731d2000 	C:\Windows\System32\win32u.dll
0x00007ffe75a80000 - 0x00007ffe75aab000 	C:\Windows\System32\GDI32.dll
0x00007ffe61470000 - 0x00007ffe6170b000 	C:\Windows\WinSxS\amd64_microsoft.windows.common-controls_6595b64144ccf1df_6.0.19041.6456_none_60b8a6cb71f64256\COMCTL32.dll
0x00007ffe739f0000 - 0x00007ffe73b09000 	C:\Windows\System32\gdi32full.dll
0x00007ffe738d0000 - 0x00007ffe7396d000 	C:\Windows\System32\msvcp_win.dll
0x00007ffe6b580000 - 0x00007ffe6b58a000 	C:\Windows\SYSTEM32\VERSION.dll
0x00007ffe73ed0000 - 0x00007ffe73eff000 	C:\Windows\System32\IMM32.DLL
0x00007ffe6dcf0000 - 0x00007ffe6dcfc000 	E:\dev\jdk17\bin\vcruntime140_1.dll
0x00007ffe15090000 - 0x00007ffe1511d000 	E:\dev\jdk17\bin\msvcp140.dll
0x00007ffdf76d0000 - 0x00007ffdf8292000 	E:\dev\jdk17\bin\server\jvm.dll
0x00007ffe74060000 - 0x00007ffe74068000 	C:\Windows\System32\PSAPI.DLL
0x00007ffe5f4a0000 - 0x00007ffe5f4c7000 	C:\Windows\SYSTEM32\WINMM.dll
0x00007ffe521e0000 - 0x00007ffe521e9000 	C:\Windows\SYSTEM32\WSOCK32.dll
0x00007ffe74530000 - 0x00007ffe7459b000 	C:\Windows\System32\WS2_32.dll
0x00007ffe71990000 - 0x00007ffe719a2000 	C:\Windows\SYSTEM32\kernel.appcore.dll
0x00007ffe5f4e0000 - 0x00007ffe5f4ea000 	E:\dev\jdk17\bin\jimage.dll
0x00007ffe714d0000 - 0x00007ffe716d1000 	C:\Windows\SYSTEM32\DBGHELP.DLL
0x00007ffe63930000 - 0x00007ffe63964000 	C:\Windows\SYSTEM32\dbgcore.DLL
0x00007ffe73390000 - 0x00007ffe73412000 	C:\Windows\System32\bcryptPrimitives.dll
0x00007ffe58c40000 - 0x00007ffe58c4e000 	E:\dev\jdk17\bin\instrument.dll
0x00007ffe2e320000 - 0x00007ffe2e345000 	E:\dev\jdk17\bin\java.dll
0x00007ffe30b50000 - 0x00007ffe30b68000 	E:\dev\jdk17\bin\zip.dll
0x00007ffe14d00000 - 0x00007ffe14dd6000 	E:\dev\jdk17\bin\jsvml.dll
0x00007ffe747f0000 - 0x00007ffe74f60000 	C:\Windows\System32\SHELL32.dll
0x00007ffe703b0000 - 0x00007ffe70b55000 	C:\Windows\SYSTEM32\windows.storage.dll
0x00007ffe73b70000 - 0x00007ffe73ec4000 	C:\Windows\System32\combase.dll
0x00007ffe72bb0000 - 0x00007ffe72bdb000 	C:\Windows\SYSTEM32\Wldp.dll
0x00007ffe75880000 - 0x00007ffe7594d000 	C:\Windows\System32\OLEAUT32.dll
0x00007ffe74070000 - 0x00007ffe7411d000 	C:\Windows\System32\SHCORE.dll
0x00007ffe73b10000 - 0x00007ffe73b6b000 	C:\Windows\System32\shlwapi.dll
0x00007ffe730b0000 - 0x00007ffe730d4000 	C:\Windows\SYSTEM32\profapi.dll
0x00007ffe400e0000 - 0x00007ffe400f9000 	E:\dev\jdk17\bin\net.dll
0x00007ffe6e640000 - 0x00007ffe6e74a000 	C:\Windows\SYSTEM32\WINHTTP.dll
0x00007ffe72910000 - 0x00007ffe7297a000 	C:\Windows\system32\mswsock.dll
0x00007ffe3fc50000 - 0x00007ffe3fc66000 	E:\dev\jdk17\bin\nio.dll
0x00007ffe725f0000 - 0x00007ffe726ba000 	C:\Windows\SYSTEM32\DNSAPI.dll
0x00007ffe725a0000 - 0x00007ffe725db000 	C:\Windows\SYSTEM32\IPHLPAPI.DLL
0x00007ffe74750000 - 0x00007ffe74758000 	C:\Windows\System32\NSI.dll
0x00007ffe6d0d0000 - 0x00007ffe6d0da000 	C:\Windows\System32\rasadhlp.dll
0x00007ffe6a360000 - 0x00007ffe6a3e0000 	C:\Windows\System32\fwpuclnt.dll
0x00007ffe58bf0000 - 0x00007ffe58bf9000 	E:\dev\jdk17\bin\management.dll
0x00007ffe58b10000 - 0x00007ffe58b1b000 	E:\dev\jdk17\bin\management_ext.dll
0x00007ffe72b00000 - 0x00007ffe72b18000 	C:\Windows\SYSTEM32\CRYPTSP.dll
0x00007ffe721c0000 - 0x00007ffe721f8000 	C:\Windows\system32\rsaenh.dll
0x00007ffe73030000 - 0x00007ffe7305e000 	C:\Windows\SYSTEM32\USERENV.dll
0x00007ffe72b20000 - 0x00007ffe72b2c000 	C:\Windows\SYSTEM32\CRYPTBASE.dll
0x00007ffe6d100000 - 0x00007ffe6d117000 	C:\Windows\SYSTEM32\dhcpcsvc6.DLL
0x00007ffe6d2c0000 - 0x00007ffe6d2dd000 	C:\Windows\SYSTEM32\dhcpcsvc.DLL
0x00007ffe45680000 - 0x00007ffe45697000 	C:\Windows\system32\napinsp.dll
0x00007ffe45660000 - 0x00007ffe4567b000 	C:\Windows\system32\pnrpnsp.dll
0x00007ffe6cac0000 - 0x00007ffe6cadd000 	C:\Windows\system32\wshbth.dll
0x00007ffe6e750000 - 0x00007ffe6e76d000 	C:\Windows\system32\NLAapi.dll
0x00007ffe45350000 - 0x00007ffe45362000 	C:\Windows\System32\winrnr.dll
0x00007ffe48fd0000 - 0x00007ffe49021000 	C:\Windows\SYSTEM32\pdh.dll
0x00007ffe61d30000 - 0x00007ffe61d3f000 	C:\Windows\System32\perfproc.dll
0x00007ffe41010000 - 0x00007ffe4101f000 	C:\Windows\System32\perfos.dll

dbghelp: loaded successfully - version: 4.0.5 - missing functions: none
symbol engine: initialized successfully - sym options: 0x614 - pdb path: .;E:\dev\jdk17\bin;C:\Windows\SYSTEM32;C:\Windows\WinSxS\amd64_microsoft.windows.common-controls_6595b64144ccf1df_6.0.19041.6456_none_60b8a6cb71f64256;E:\dev\jdk17\bin\server

VM Arguments:
jvm_args: -javaagent:G:\idea2025.1\plugins\java\lib\rt\debugger-agent.jar=file:///C:/Users/txf/AppData/Local/Temp/capture9252970756063258307.props -ea -Didea.test.cyclic.buffer.size=1048576 -javaagent:G:\idea2025.1\lib\idea_rt.jar=53363 -Dkotlinx.coroutines.debug.enable.creation.stack.trace=false -Ddebugger.agent.enable.coroutines=true -Dkotlinx.coroutines.debug.enable.flows.stack.trace=true -Dkotlinx.coroutines.debug.enable.mutable.state.flows.stack.trace=true -Dfile.encoding=UTF-8 
java_command: com.intellij.rt.junit.JUnitStarter -ideVersion5 -junit5 org.txf.myblogsprinboot.dao.UserMapperTest,selectUserById
java_class_path (initial): C:\Users\txf\.m2\repository\org\junit\platform\junit-platform-launcher\1.9.2\junit-platform-launcher-1.9.2.jar;G:\idea2025.1\lib\idea_rt.jar;G:\idea2025.1\plugins\junit\lib\junit5-rt.jar;G:\idea2025.1\plugins\junit\lib\junit-rt.jar;E:\myblog\myblog-sprinboot\target\test-classes;E:\myblog\myblog-sprinboot\target\classes;C:\Users\txf\.m2\repository\org\mybatis\spring\boot\mybatis-spring-boot-starter\3.0.2\mybatis-spring-boot-starter-3.0.2.jar;C:\Users\txf\.m2\repository\org\springframework\boot\spring-boot-starter\3.0.2\spring-boot-starter-3.0.2.jar;C:\Users\txf\.m2\repository\org\springframework\boot\spring-boot\3.0.2\spring-boot-3.0.2.jar;C:\Users\txf\.m2\repository\org\springframework\boot\spring-boot-autoconfigure\3.0.2\spring-boot-autoconfigure-3.0.2.jar;C:\Users\txf\.m2\repository\org\springframework\boot\spring-boot-starter-logging\3.0.2\spring-boot-starter-logging-3.0.2.jar;C:\Users\txf\.m2\repository\ch\qos\logback\logback-classic\1.4.5\logback-classic-1.4.5.jar;C:\Users\txf\.m2\repository\ch\qos\logback\logback-core\1.4.5\logback-core-1.4.5.jar;C:\Users\txf\.m2\repository\org\apache\logging\log4j\log4j-to-slf4j\2.19.0\log4j-to-slf4j-2.19.0.jar;C:\Users\txf\.m2\repository\org\apache\logging\log4j\log4j-api\2.19.0\log4j-api-2.19.0.jar;C:\Users\txf\.m2\repository\org\slf4j\jul-to-slf4j\2.0.6\jul-to-slf4j-2.0.6.jar;C:\Users\txf\.m2\repository\jakarta\annotation\jakarta.annotation-api\2.1.1\jakarta.annotation-api-2.1.1.jar;C:\Users\txf\.m2\repository\org\yaml\snakeyaml\1.33\snakeyaml-1.33.jar;C:\Users\txf\.m2\repository\org\springframework\boot\spring-boot-starter-jdbc\3.0.2\spring-boot-starter-jdbc-3.0.2.jar;C:\Users\txf\.m2\repository\com\zaxxer\HikariCP\5.0.1\HikariCP-5.0.1.jar;C:\Users\txf\.m2\repository\org\springframework\spring-jdbc\6.0.4\spring-jdbc-6.0.4.jar;C:\Users\txf\.m2\repository\org\springframework\spring-tx\6.0.4\spring-tx-6.0.4.jar;C:\Users\txf\.m2\repository\org\mybatis\spring\boot\mybatis-spring-boot-autoconfigure\
Launcher Type: SUN_STANDARD

[Global flags]
     intx CICompilerCount                          = 4                                         {product} {ergonomic}
     uint ConcGCThreads                            = 3                                         {product} {ergonomic}
     uint G1ConcRefinementThreads                  = 10                                        {product} {ergonomic}
   size_t G1HeapRegionSize                         = 2097152                                   {product} {ergonomic}
    uintx GCDrainStackTargetSize                   = 64                                        {product} {ergonomic}
   size_t InitialHeapSize                          = 264241152                                 {product} {ergonomic}
   size_t MarkStackSize                            = 4194304                                   {product} {ergonomic}
   size_t MaxHeapSize                              = 4223664128                                {product} {ergonomic}
   size_t MaxNewSize                               = 2533359616                                {product} {ergonomic}
   size_t MinHeapDeltaBytes                        = 2097152                                   {product} {ergonomic}
   size_t MinHeapSize                              = 8388608                                   {product} {ergonomic}
    uintx NonNMethodCodeHeapSize                   = 5839372                                {pd product} {ergonomic}
    uintx NonProfiledCodeHeapSize                  = 122909434                              {pd product} {ergonomic}
    uintx ProfiledCodeHeapSize                     = 122909434                              {pd product} {ergonomic}
    uintx ReservedCodeCacheSize                    = 251658240                              {pd product} {ergonomic}
     bool SegmentedCodeCache                       = true                                      {product} {ergonomic}
   size_t SoftMaxHeapSize                          = 4223664128                             {manageable} {ergonomic}
     bool UseCompressedClassPointers               = true                           {product lp64_product} {ergonomic}
     bool UseCompressedOops                        = true                           {product lp64_product} {ergonomic}
     bool UseG1GC                                  = true                                      {product} {ergonomic}
     bool UseLargePagesIndividualAllocation        = false                                  {pd product} {ergonomic}

Logging:
Log output configuration:
 #0: stdout all=warning uptime,level,tags
 #1: stderr all=off uptime,level,tags

Environment Variables:
JAVA_HOME=E:\dev\jdk8
CLASSPATH=.;E:\dev\jdk8\lib\dt.jar;E:\dev\jdk8\lib\tools.jar;D:\dev\apache-tomcat-10.0.27\lib\servlet-api.jar;
PATH=C:\Users\txf\AppData\Local\Yarn\bin;E:\dev\jdk8\bin;G:\mysql8.0\bin;C:\Program Files\dotnet\;H:\Git\Git\cmd;C:\windows\system32;E:\dev\Maven\apache-maven-3.8.6;E:\dev\python3.11;D:\JetBrains\Toolbox\scripts;D:\dev\apache-tomcat-10.0.27\bin;G:\软件\xshell\;D:\dev\pairs;D:\dev\jdk8\bin\chromdriver.exe;C:\Users\txf\AppData\Roaming\npm\node_modules\yarn;E:\dev\apache-jmeter-5.4.3\bin;C:\Program Files\NVIDIA Corporation\NVIDIA App\NvDLISR;C:\Program Files (x86)\NVIDIA Corporation\PhysX\Common;C:\Program Files (x86)\Microsoft Visual Studio\2022\BuildTools\VC\Tools\MSVC\14.44.35207\bin\Hostx64\x64;E:\dev\python3.11\Scripts;G:\软件\NetSarang\Xshell 8\;C:\Program Files\nodejs\;D:\dev\python3.8.5\Scripts\;D:\dev\python3.8.5\;C:\Users\txf\AppData\Local\Microsoft\WindowsApps;G:\软件\QQGameTempest\Hall.57734\;C:\Users\txf\.dotnet\tools;C:\Program Files\MySQL\MySQL Server 8.0\bin;C:\Program Files (x86)\Mysql\MySQL Server 8.0\bin;C:\Users\txf\AppData\Local\Pandoc\;C:\Users\txf\AppData\Local\JetBrains\Toolbox\scripts;G:\Microsoft VS Code\bin;C:\Users\txf\AppData\Local\Microsoft\WinGet\Packages\Schniz.fnm_Microsoft.Winget.Source_8wekyb3d8bbwe;F:\ai_tool\ffmpeg-2025-02-17-git-b92577405b-full_build\bin;G:\软件\fiddler_classic;C:\Users\txf\AppData\Roaming\npm
USERNAME=txf
OS=Windows_NT
PROCESSOR_IDENTIFIER=Intel64 Family 6 Model 141 Stepping 1, GenuineIntel



---------------  S Y S T E M  ---------------

OS:
 Windows 10 , 64 bit Build 19041 (10.0.19041.5915)
OS uptime: 1 days 3:42 hours

CPU: total 12 (initial active 12) (6 cores per cpu, 2 threads per core) family 6 model 141 stepping 1 microcode 0x58, cx8, cmov, fxsr, ht, mmx, 3dnowpref, sse, sse2, sse3, ssse3, sse4.1, sse4.2, popcnt, lzcnt, tsc, tscinvbit, avx, avx2, aes, erms, clmul, bmi1, bmi2, adx, avx512f, avx512dq, avx512cd, avx512bw, avx512vl, sha, fma, vzeroupper, avx512_vpopcntdq, avx512_vpclmulqdq, avx512_vaes, avx512_vnni, clflush, clflushopt, clwb, avx512_vbmi2, avx512_vbmi

Memory: 4k page, system-wide physical 16110M (2490M free)
TotalPageFile size 20206M (AvailPageFile size 11M)
current process WorkingSet (physical memory assigned to process): 147M, peak: 154M
current process commit charge ("private bytes"): 420M, peak: 427M

vm_info: Java HotSpot(TM) 64-Bit Server VM (17.0.5+9-LTS-191) for windows-amd64 JRE (17.0.5+9-LTS-191), built on Sep 13 2022 17:31:43 by "mach5one" with MS VC++ 16.8 / 16.9 (VS2019)

END.
