#
# There is insufficient memory for the Java Runtime Environment to continue.
# Native memory allocation (mmap) failed to map 264241152 bytes for G1 virtual space
# Possible reasons:
#   The system is out of physical RAM or swap space
#   The process is running with CompressedOops enabled, and the Java Heap may be blocking the growth of the native heap
# Possible solutions:
#   Reduce memory load on the system
#   Increase physical memory or swap space
#   Check if swap backing store is full
#   Decrease Java heap size (-Xmx/-Xms)
#   Decrease number of Java threads
#   Decrease Java thread stack sizes (-Xss)
#   Set larger code cache with -XX:ReservedCodeCacheSize=
#   JVM is running with Zero Based Compressed Oops mode in which the Java heap is
#     placed in the first 32GB address space. The Java Heap base address is the
#     maximum limit for the native heap growth. Please use -XX:HeapBaseMinAddress
#     to set the Java Heap base and to place the Java Heap above 32GB virtual address.
# This output file may be truncated or incomplete.
#
#  Out of Memory Error (os_windows.cpp:3541), pid=28816, tid=25532
#
# JRE version:  (17.0.5+9) (build )
# Java VM: Java HotSpot(TM) 64-Bit Server VM (17.0.5+9-LTS-191, mixed mode, sharing, tiered, compressed oops, compressed class ptrs, g1 gc, windows-amd64)
# No core dump will be written. Minidumps are not enabled by default on client versions of Windows
#

---------------  S U M M A R Y ------------

Command Line: -javaagent:G:\idea2025.1\plugins\java\lib\rt\debugger-agent.jar=file:///C:/Users/txf/AppData/Local/Temp/capture13909535695325903030.props -ea -Didea.test.cyclic.buffer.size=1048576 -javaagent:G:\idea2025.1\lib\idea_rt.jar=54384 -Dkotlinx.coroutines.debug.enable.creation.stack.trace=false -Ddebugger.agent.enable.coroutines=true -Dkotlinx.coroutines.debug.enable.flows.stack.trace=true -Dkotlinx.coroutines.debug.enable.mutable.state.flows.stack.trace=true -Dfile.encoding=UTF-8 com.intellij.rt.junit.JUnitStarter -ideVersion5 -junit5 org.txf.myblogsprinboot.dao.UserMapperTest,selectUserById

Host: 11th Gen Intel(R) Core(TM) i5-11260H @ 2.60GHz, 12 cores, 15G,  Windows 10 , 64 bit Build 19041 (10.0.19041.5915)
Time: Sun Sep 13 11:18:27 2026  Windows 10 , 64 bit Build 19041 (10.0.19041.5915) elapsed time: 0.013079 seconds (0d 0h 0m 0s)

---------------  T H R E A D  ---------------

Current thread (0x000001282314ff90):  JavaThread "Unknown thread" [_thread_in_vm, id=25532, stack(0x0000002669a00000,0x0000002669b00000)]

Stack: [0x0000002669a00000,0x0000002669b00000]
Native frames: (J=compiled Java code, j=interpreted, Vv=VM code, C=native code)
V  [jvm.dll+0x672eea]
V  [jvm.dll+0x7d2a04]
V  [jvm.dll+0x7d41ae]
V  [jvm.dll+0x7d4813]
V  [jvm.dll+0x242c15]
V  [jvm.dll+0x66fe09]
V  [jvm.dll+0x664682]
V  [jvm.dll+0x300e8b]
V  [jvm.dll+0x308426]
V  [jvm.dll+0x357ffe]
V  [jvm.dll+0x35822f]
V  [jvm.dll+0x2d80a8]
V  [jvm.dll+0x2d9014]
V  [jvm.dll+0x7a44e1]
V  [jvm.dll+0x365df1]
V  [jvm.dll+0x7838fc]
V  [jvm.dll+0x3e873f]
V  [jvm.dll+0x3ea1e1]
C  [jli.dll+0x527b]
C  [ucrtbase.dll+0x21bb2]
C  [KERNEL32.DLL+0x17374]
C  [ntdll.dll+0x4cc91]


---------------  P R O C E S S  ---------------

Threads class SMR info:
_java_thread_list=0x00007ffdf8d3a8d8, length=0, elements={
}

Java Threads: ( => current thread )

Other Threads:
  0x00000128231bdd10 GCTaskThread "GC Thread#0" [stack: 0x0000002669b00000,0x0000002669c00000] [id=14584]
  0x00000128210fde80 ConcurrentGCThread "G1 Main Marker" [stack: 0x0000002669c00000,0x0000002669d00000] [id=17664]
  0x00000128210fe890 ConcurrentGCThread "G1 Conc#0" [stack: 0x0000002669d00000,0x0000002669e00000] [id=272]

[error occurred during error reporting (printing all threads), id 0xc0000005, EXCEPTION_ACCESS_VIOLATION (0xc0000005) at pc=0x00007ffdf8588a97]

VM state: not at safepoint (not fully initialized)

VM Mutex/Monitor currently owned by a thread:  ([mutex/lock_event])
[0x000001282314bee0] Heap_lock - owner thread: 0x000001282314ff90

Heap address: 0x0000000704400000, size: 4028 MB, Compressed Oops mode: Zero based, Oop shift amount: 3

CDS archive(s) mapped at: [0x0000000000000000-0x0000000000000000-0x0000000000000000), size 0, SharedBaseAddress: 0x0000000800000000, ArchiveRelocationMode: 0.
Narrow klass base: 0x0000000000000000, Narrow klass shift: 0, Narrow klass range: 0x0

GC Precious Log:
<Empty>

Heap:
 garbage-first heap   total 0K, used 0K [0x0000000704400000, 0x0000000800000000)
  region size 2048K, 0 young (0K), 0 survivors (0K)

[error occurred during error reporting (printing heap information), id 0xc0000005, EXCEPTION_ACCESS_VIOLATION (0xc0000005) at pc=0x00007ffdf896c399]

GC Heap History (0 events):
No events

Deoptimization events (0 events):
No events

Classes unloaded (0 events):
No events

Classes redefined (0 events):
No events

Internal exceptions (0 events):
No events

VM Operations (0 events):
No events

Events (2 events):
Event: 0.009 Loaded shared library E:\dev\jdk17\bin\java.dll
Event: 0.009 Loaded shared library E:\dev\jdk17\bin\zip.dll


Dynamic libraries:
0x00007ff62e830000 - 0x00007ff62e840000 	E:\dev\jdk17\bin\java.exe
0x00007ffe75af0000 - 0x00007ffe75ce8000 	C:\Windows\SYSTEM32\ntdll.dll
0x00007ffe74120000 - 0x00007ffe741e2000 	C:\Windows\System32\KERNEL32.DLL
0x00007ffe735d0000 - 0x00007ffe738c6000 	C:\Windows\System32\KERNELBASE.dll
0x00007ffe73290000 - 0x00007ffe73390000 	C:\Windows\System32\ucrtbase.dll
0x00007ffe47ea0000 - 0x00007ffe47eb8000 	E:\dev\jdk17\bin\jli.dll
0x00007ffe47ec0000 - 0x00007ffe47eda000 	E:\dev\jdk17\bin\VCRUNTIME140.dll
0x00007ffe757c0000 - 0x00007ffe75871000 	C:\Windows\System32\ADVAPI32.dll
0x00007ffe741f0000 - 0x00007ffe7428e000 	C:\Windows\System32\msvcrt.dll
0x00007ffe73fc0000 - 0x00007ffe7405f000 	C:\Windows\System32\sechost.dll
0x00007ffe75110000 - 0x00007ffe75230000 	C:\Windows\System32\RPCRT4.dll
0x00007ffe73180000 - 0x00007ffe731a7000 	C:\Windows\System32\bcrypt.dll
0x00007ffe74320000 - 0x00007ffe744c1000 	C:\Windows\System32\USER32.dll
0x00007ffe731b0000 - 0x00007ffe731d2000 	C:\Windows\System32\win32u.dll
0x00007ffe75a80000 - 0x00007ffe75aab000 	C:\Windows\System32\GDI32.dll
0x00007ffe61470000 - 0x00007ffe6170b000 	C:\Windows\WinSxS\amd64_microsoft.windows.common-controls_6595b64144ccf1df_6.0.19041.6456_none_60b8a6cb71f64256\COMCTL32.dll
0x00007ffe739f0000 - 0x00007ffe73b09000 	C:\Windows\System32\gdi32full.dll
0x00007ffe738d0000 - 0x00007ffe7396d000 	C:\Windows\System32\msvcp_win.dll
0x00007ffe6b580000 - 0x00007ffe6b58a000 	C:\Windows\SYSTEM32\VERSION.dll
0x00007ffe73ed0000 - 0x00007ffe73eff000 	C:\Windows\System32\IMM32.DLL
0x00007ffe6dcf0000 - 0x00007ffe6dcfc000 	E:\dev\jdk17\bin\vcruntime140_1.dll
0x00007ffe44a20000 - 0x00007ffe44aad000 	E:\dev\jdk17\bin\msvcp140.dll
0x00007ffdf82a0000 - 0x00007ffdf8e62000 	E:\dev\jdk17\bin\server\jvm.dll
0x00007ffe74060000 - 0x00007ffe74068000 	C:\Windows\System32\PSAPI.DLL
0x00007ffe521e0000 - 0x00007ffe521e9000 	C:\Windows\SYSTEM32\WSOCK32.dll
0x00007ffe5f4a0000 - 0x00007ffe5f4c7000 	C:\Windows\SYSTEM32\WINMM.dll
0x00007ffe74530000 - 0x00007ffe7459b000 	C:\Windows\System32\WS2_32.dll
0x00007ffe71990000 - 0x00007ffe719a2000 	C:\Windows\SYSTEM32\kernel.appcore.dll
0x00007ffe4a790000 - 0x00007ffe4a79a000 	E:\dev\jdk17\bin\jimage.dll
0x00007ffe714d0000 - 0x00007ffe716d1000 	C:\Windows\SYSTEM32\DBGHELP.DLL
0x00007ffe63930000 - 0x00007ffe63964000 	C:\Windows\SYSTEM32\dbgcore.DLL
0x00007ffe73390000 - 0x00007ffe73412000 	C:\Windows\System32\bcryptPrimitives.dll
0x00007ffe469a0000 - 0x00007ffe469ae000 	E:\dev\jdk17\bin\instrument.dll
0x00007ffe46a00000 - 0x00007ffe46a25000 	E:\dev\jdk17\bin\java.dll
0x00007ffe44900000 - 0x00007ffe44918000 	E:\dev\jdk17\bin\zip.dll

dbghelp: loaded successfully - version: 4.0.5 - missing functions: none
symbol engine: initialized successfully - sym options: 0x614 - pdb path: .;E:\dev\jdk17\bin;C:\Windows\SYSTEM32;C:\Windows\WinSxS\amd64_microsoft.windows.common-controls_6595b64144ccf1df_6.0.19041.6456_none_60b8a6cb71f64256;E:\dev\jdk17\bin\server

VM Arguments:
jvm_args: -javaagent:G:\idea2025.1\plugins\java\lib\rt\debugger-agent.jar=file:///C:/Users/txf/AppData/Local/Temp/capture13909535695325903030.props -ea -Didea.test.cyclic.buffer.size=1048576 -javaagent:G:\idea2025.1\lib\idea_rt.jar=54384 -Dkotlinx.coroutines.debug.enable.creation.stack.trace=false -Ddebugger.agent.enable.coroutines=true -Dkotlinx.coroutines.debug.enable.flows.stack.trace=true -Dkotlinx.coroutines.debug.enable.mutable.state.flows.stack.trace=true -Dfile.encoding=UTF-8 
java_command: com.intellij.rt.junit.JUnitStarter -ideVersion5 -junit5 org.txf.myblogsprinboot.dao.UserMapperTest,selectUserById
java_class_path (initial): C:\Users\txf\.m2\repository\org\junit\platform\junit-platform-launcher\1.9.2\junit-platform-launcher-1.9.2.jar;G:\idea2025.1\lib\idea_rt.jar;G:\idea2025.1\plugins\junit\lib\junit5-rt.jar;G:\idea2025.1\plugins\junit\lib\junit-rt.jar;E:\myblog\myblog-sprinboot\target\test-classes;E:\myblog\myblog-sprinboot\target\classes;C:\Users\txf\.m2\repository\org\mybatis\spring\boot\mybatis-spring-boot-starter\3.0.2\mybatis-spring-boot-starter-3.0.2.jar;C:\Users\txf\.m2\repository\org\springframework\boot\spring-boot-starter\3.0.2\spring-boot-starter-3.0.2.jar;C:\Users\txf\.m2\repository\org\springframework\boot\spring-boot\3.0.2\spring-boot-3.0.2.jar;C:\Users\txf\.m2\repository\org\springframework\boot\spring-boot-autoconfigure\3.0.2\spring-boot-autoconfigure-3.0.2.jar;C:\Users\txf\.m2\repository\org\springframework\boot\spring-boot-starter-logging\3.0.2\spring-boot-starter-logging-3.0.2.jar;C:\Users\txf\.m2\repository\ch\qos\logback\logback-classic\1.4.5\logback-classic-1.4.5.jar;C:\Users\txf\.m2\repository\ch\qos\logback\logback-core\1.4.5\logback-core-1.4.5.jar;C:\Users\txf\.m2\repository\org\apache\logging\log4j\log4j-to-slf4j\2.19.0\log4j-to-slf4j-2.19.0.jar;C:\Users\txf\.m2\repository\org\apache\logging\log4j\log4j-api\2.19.0\log4j-api-2.19.0.jar;C:\Users\txf\.m2\repository\org\slf4j\jul-to-slf4j\2.0.6\jul-to-slf4j-2.0.6.jar;C:\Users\txf\.m2\repository\jakarta\annotation\jakarta.annotation-api\2.1.1\jakarta.annotation-api-2.1.1.jar;C:\Users\txf\.m2\repository\org\yaml\snakeyaml\1.33\snakeyaml-1.33.jar;C:\Users\txf\.m2\repository\org\springframework\boot\spring-boot-starter-jdbc\3.0.2\spring-boot-starter-jdbc-3.0.2.jar;C:\Users\txf\.m2\repository\com\zaxxer\HikariCP\5.0.1\HikariCP-5.0.1.jar;C:\Users\txf\.m2\repository\org\springframework\spring-jdbc\6.0.4\spring-jdbc-6.0.4.jar;C:\Users\txf\.m2\repository\org\springframework\spring-tx\6.0.4\spring-tx-6.0.4.jar;C:\Users\txf\.m2\repository\org\mybatis\spring\boot\mybatis-spring-boot-autoconfigure\
Launcher Type: SUN_STANDARD

[Global flags]
     intx CICompilerCount                          = 4                                         {product} {ergonomic}
     uint ConcGCThreads                            = 3                                         {product} {ergonomic}
     uint G1ConcRefinementThreads                  = 10                                        {product} {ergonomic}
   size_t G1HeapRegionSize                         = 2097152                                   {product} {ergonomic}
    uintx GCDrainStackTargetSize                   = 64                                        {product} {ergonomic}
   size_t InitialHeapSize                          = 264241152                                 {product} {ergonomic}
   size_t MarkStackSize                            = 4194304                                   {product} {ergonomic}
   size_t MaxHeapSize                              = 4223664128                                {product} {ergonomic}
   size_t MinHeapDeltaBytes                        = 2097152                                   {product} {ergonomic}
   size_t MinHeapSize                              = 8388608                                   {product} {ergonomic}
    uintx NonNMethodCodeHeapSize                   = 5839372                                {pd product} {ergonomic}
    uintx NonProfiledCodeHeapSize                  = 122909434                              {pd product} {ergonomic}
    uintx ProfiledCodeHeapSize                     = 122909434                              {pd product} {ergonomic}
    uintx ReservedCodeCacheSize                    = 251658240                              {pd product} {ergonomic}
     bool SegmentedCodeCache                       = true                                      {product} {ergonomic}
   size_t SoftMaxHeapSize                          = 4223664128                             {manageable} {ergonomic}
     bool UseCompressedClassPointers               = true                           {product lp64_product} {ergonomic}
     bool UseCompressedOops                        = true                           {product lp64_product} {ergonomic}
     bool UseG1GC                                  = true                                      {product} {ergonomic}
     bool UseLargePagesIndividualAllocation        = false                                  {pd product} {ergonomic}

Logging:
Log output configuration:
 #0: stdout all=warning uptime,level,tags
 #1: stderr all=off uptime,level,tags

Environment Variables:
JAVA_HOME=E:\dev\jdk8
CLASSPATH=.;E:\dev\jdk8\lib\dt.jar;E:\dev\jdk8\lib\tools.jar;D:\dev\apache-tomcat-10.0.27\lib\servlet-api.jar;
PATH=C:\Users\txf\AppData\Local\Yarn\bin;E:\dev\jdk8\bin;G:\mysql8.0\bin;C:\Program Files\dotnet\;H:\Git\Git\cmd;C:\windows\system32;E:\dev\Maven\apache-maven-3.8.6;E:\dev\python3.11;D:\JetBrains\Toolbox\scripts;D:\dev\apache-tomcat-10.0.27\bin;G:\软件\xshell\;D:\dev\pairs;D:\dev\jdk8\bin\chromdriver.exe;C:\Users\txf\AppData\Roaming\npm\node_modules\yarn;E:\dev\apache-jmeter-5.4.3\bin;C:\Program Files\NVIDIA Corporation\NVIDIA App\NvDLISR;C:\Program Files (x86)\NVIDIA Corporation\PhysX\Common;C:\Program Files (x86)\Microsoft Visual Studio\2022\BuildTools\VC\Tools\MSVC\14.44.35207\bin\Hostx64\x64;E:\dev\python3.11\Scripts;G:\软件\NetSarang\Xshell 8\;C:\Program Files\nodejs\;D:\dev\python3.8.5\Scripts\;D:\dev\python3.8.5\;C:\Users\txf\AppData\Local\Microsoft\WindowsApps;G:\软件\QQGameTempest\Hall.57734\;C:\Users\txf\.dotnet\tools;C:\Program Files\MySQL\MySQL Server 8.0\bin;C:\Program Files (x86)\Mysql\MySQL Server 8.0\bin;C:\Users\txf\AppData\Local\Pandoc\;C:\Users\txf\AppData\Local\JetBrains\Toolbox\scripts;G:\Microsoft VS Code\bin;C:\Users\txf\AppData\Local\Microsoft\WinGet\Packages\Schniz.fnm_Microsoft.Winget.Source_8wekyb3d8bbwe;F:\ai_tool\ffmpeg-2025-02-17-git-b92577405b-full_build\bin;G:\软件\fiddler_classic;C:\Users\txf\AppData\Roaming\npm
USERNAME=txf
OS=Windows_NT
PROCESSOR_IDENTIFIER=Intel64 Family 6 Model 141 Stepping 1, GenuineIntel



---------------  S Y S T E M  ---------------

OS:
 Windows 10 , 64 bit Build 19041 (10.0.19041.5915)
OS uptime: 1 days 3:54 hours

CPU: total 12 (initial active 12) (6 cores per cpu, 2 threads per core) family 6 model 141 stepping 1 microcode 0x58, cx8, cmov, fxsr, ht, mmx, 3dnowpref, sse, sse2, sse3, ssse3, sse4.1, sse4.2, popcnt, lzcnt, tsc, tscinvbit, avx, avx2, aes, erms, clmul, bmi1, bmi2, adx, avx512f, avx512dq, avx512cd, avx512bw, avx512vl, sha, fma, vzeroupper, avx512_vpopcntdq, avx512_vpclmulqdq, avx512_vaes, avx512_vnni, clflush, clflushopt, clwb, avx512_vbmi2, avx512_vbmi

Memory: 4k page, system-wide physical 16110M (2060M free)
TotalPageFile size 20206M (AvailPageFile size 40M)
current process WorkingSet (physical memory assigned to process): 10M, peak: 10M
current process commit charge ("private bytes"): 64M, peak: 316M

vm_info: Java HotSpot(TM) 64-Bit Server VM (17.0.5+9-LTS-191) for windows-amd64 JRE (17.0.5+9-LTS-191), built on Sep 13 2022 17:31:43 by "mach5one" with MS VC++ 16.8 / 16.9 (VS2019)

END.
